<?xml version="1.0" encoding="utf-8"?><testsuites name="pytest tests"><testsuite name="pytest" errors="0" failures="0" skipped="0" tests="0" time="0.010" timestamp="2026-03-28T21:12:43.700889-05:00" hostname="DESKTOP-96PJ0VK" /></testsuites>