<?xml version="1.0" encoding="utf-8"?><testsuites name="pytest tests"><testsuite name="pytest" errors="0" failures="0" skipped="0" tests="191" time="20.714" timestamp="2026-03-31T21:45:05.483268-05:00" hostname="DESKTOP-96PJ0VK"><testcase classname="backend.apps.auth.tests.test_jwt_handler.TestJWTHandler" name="test_create_access_token" time="0.011" /><testcase classname="backend.apps.auth.tests.test_jwt_handler.TestJWTHandler" name="test_create_refresh_token" time="0.001" /><testcase classname="backend.apps.auth.tests.test_jwt_handler.TestJWTHandler" name="test_verify_token_valid" time="0.001" /><testcase classname="backend.apps.auth.tests.test_jwt_handler.TestJWTHandler" name="test_verify_token_invalid" time="0.001" /><testcase classname="backend.apps.auth.tests.test_jwt_handler.TestJWTHandler" name="test_get_user_id_from_token" time="0.001" /><testcase classname="backend.apps.auth.tests.test_jwt_handler.TestJWTHandler" name="test_get_username_from_token" time="0.001" /><testcase classname="backend.apps.auth.tests.test_jwt_handler.TestJWTHandler" name="test_get_roles_from_token" time="0.001" /><testcase classname="backend.apps.auth.tests.test_jwt_handler.TestJWTHandler" name="test_get_token_type" time="0.001" /><testcase classname="backend.apps.auth.tests.test_password_handler.TestPasswordHandlerArgon2id" name="test_hash_password_argon2id" time="0.042" /><testcase classname="backend.apps.auth.tests.test_password_handler.TestPasswordHandlerArgon2id" name="test_verify_password_argon2id_correct" time="0.084" /><testcase classname="backend.apps.auth.tests.test_password_handler.TestPasswordHandlerArgon2id" name="test_verify_password_argon2id_incorrect" time="0.088" /><testcase classname="backend.apps.auth.tests.test_password_handler.TestPasswordHandlerBcryptLegacy" name="test_verify_bcrypt_hash_still_works" time="0.430" /><testcase classname="backend.apps.auth.tests.test_password_handler.TestPasswordHandlerBcryptLegacy" name="test_verify_bcrypt_wrong_password" time="0.462" /><testcase classname="backend.apps.auth.tests.test_password_handler.TestPasswordHandlerNeedsRehash" name="test_needs_rehash_bcrypt" time="0.230" /><testcase classname="backend.apps.auth.tests.test_password_handler.TestPasswordHandlerNeedsRehash" name="test_needs_rehash_argon2id_current_config" time="0.058" /><testcase classname="backend.apps.auth.tests.test_password_handler.TestPasswordHandlerGetAlgorithm" name="test_get_algorithm_argon2id" time="0.067" /><testcase classname="backend.apps.auth.tests.test_password_handler.TestPasswordHandlerGetAlgorithm" name="test_get_algorithm_bcrypt" time="0.235" /><testcase classname="backend.apps.auth.tests.test_password_handler.TestPasswordHandlerStrengthValidation" name="test_is_strong_password_valid" time="0.001" /><testcase classname="backend.apps.auth.tests.test_password_handler.TestPasswordHandlerStrengthValidation" name="test_is_strong_password_too_short" time="0.001" /><testcase classname="backend.apps.auth.tests.test_password_handler.TestPasswordHandlerMigration" name="test_migration_flow" time="0.577" /><testcase classname="backend.apps.auth.tests.test_session_log_model.TestSessionLogModel" name="test_session_log_fields_exist" time="0.001" /><testcase classname="backend.apps.auth.tests.test_session_log_model.TestSessionLogModel" name="test_session_log_field_types" time="0.001" /><testcase classname="backend.apps.auth.tests.test_session_log_model.TestSessionLogModel" name="test_session_log_collection_name" time="0.001" /><testcase classname="backend.apps.auth.tests.test_session_log_model.TestSessionLogModel" name="test_session_log_indexes_defined" time="0.001" /><testcase classname="backend.apps.auth.tests.test_session_log_model.TestSessionLogModel" name="test_session_log_docstring" time="0.001" /><testcase classname="backend.apps.auth.tests.test_session_log_repository.TestSessionLogRepository" name="test_repository_exists" time="0.001" /><testcase classname="backend.apps.auth.tests.test_session_log_repository.TestSessionLogRepository" name="test_repository_methods_are_async" time="0.001" /><testcase classname="backend.apps.auth.tests.test_session_log_repository.TestSessionLogRepository" name="test_repository_docstring" time="0.001" /><testcase classname="backend.apps.auth.tests.test_session_log_routes.TestSessionLogRoutes" name="test_get_user_logs_endpoint_exists" time="0.068" /><testcase classname="backend.apps.auth.tests.test_session_log_routes.TestSessionLogRoutes" name="test_get_session_logs_endpoint_exists" time="0.000" /><testcase classname="backend.apps.auth.tests.test_session_log_routes.TestSessionLogRoutes" name="test_router_has_correct_prefix" time="0.000" /><testcase classname="backend.apps.auth.tests.test_session_log_routes.TestSessionLogRoutes" name="test_router_has_correct_tags" time="0.001" /><testcase classname="backend.apps.auth.tests.test_session_log_routes.TestSessionLogRoutes" name="test_routes_have_correct_methods" time="0.001" /><testcase classname="backend.apps.auth.tests.test_session_log_service.TestSessionLogService" name="test_service_exists" time="0.001" /><testcase classname="backend.apps.auth.tests.test_session_log_service.TestSessionLogService" name="test_service_methods_are_async" time="0.001" /><testcase classname="backend.apps.auth.tests.test_session_log_service.TestSessionLogService" name="test_service_has_repository" time="0.001" /><testcase classname="backend.apps.auth.tests.test_session_log_service.TestSessionLogService" name="test_service_docstring" time="0.001" /><testcase classname="backend.apps.leagues_manager.tests.test_geografia_seeder.TestGeografiaSeeder" name="test_agrupar_por_continente" time="0.040" /><testcase classname="backend.apps.leagues_manager.tests.test_geografia_seeder.TestGeografiaSeeder" name="test_run_crea_continentes_y_paises" time="0.004" /><testcase classname="backend.apps.leagues_manager.tests.test_geografia_seeder.TestGeografiaSeeder" name="test_run_con_error_hace_rollback" time="0.003" /><testcase classname="backend.apps.leagues_manager.tests.test_geografia_seeder.TestGeografiaSeeder" name="test_run_es_idempotente" time="0.005" /><testcase classname="backend.apps.leagues_manager.tests.test_ligas_seeder.TestLigasSeeder" name="test_obtener_ligas_por_pais_exitoso" time="0.003" /><testcase classname="backend.apps.leagues_manager.tests.test_ligas_seeder.TestLigasSeeder" name="test_obtener_ligas_por_pais_error_http" time="0.003" /><testcase classname="backend.apps.leagues_manager.tests.test_ligas_seeder.TestLigasSeeder" name="test_procesar_liga_crea_nueva" time="0.002" /><testcase classname="backend.apps.leagues_manager.tests.test_ligas_seeder.TestLigasSeeder" name="test_procesar_liga_actualiza_existente" time="0.002" /><testcase classname="backend.apps.leagues_manager.tests.test_ligas_seeder.TestLigasSeeder" name="test_mapeo_tipo_liga" time="0.002" /><testcase classname="backend.apps.leagues_manager.tests.test_ligas_seeder.TestLigasSeeder" name="test_run_procesa_multiples_paises" time="0.004" /><testcase classname="backend.apps.leagues_manager.tests.test_ligas_seeder.TestLigasSeeder" name="test_run_con_error_http_retorna_lista_vacia" time="0.002" /><testcase classname="backend.apps.leagues_manager.tests.test_ligas_seeder.TestLigasSeeder" name="test_run_es_idempotente" time="0.017" /><testcase classname="backend.apps.leagues_manager.tests.test_ligas_seeder.TestLigasSeeder" name="test_procesar_liga_sin_datos_validos" time="0.003" /><testcase classname="backend.apps.leagues_manager.tests.test_ligas_seeder.TestLigasSeeder" name="test_run_pais_sin_codigo_iso" time="0.011" /><testcase classname="backend.apps.leagues_manager.tests.test_ligas_seeder_progreso.TestLigasSeederProgreso" name="test_procesa_solo_20_paises_por_ejecucion" time="0.035" /><testcase classname="backend.apps.leagues_manager.tests.test_ligas_seeder_progreso.TestLigasSeederProgreso" name="test_reanuda_desde_ultimo_pais_procesado" time="0.035" /><testcase classname="backend.apps.leagues_manager.tests.test_ligas_seeder_progreso.TestLigasSeederProgreso" name="test_no_se_bloquea_con_80_paises" time="0.053" /><testcase classname="backend.apps.leagues_manager.tests.test_ligas_seeder_progreso.TestLigasSeederProgreso" name="test_multiples_ejecuciones_completan_todos_los_paises" time="0.075" /><testcase classname="backend.apps.leagues_manager.tests.test_multiple_processes" name="test_multiple_processes_filter_correctly" time="0.142" /><testcase classname="backend.apps.leagues_manager.tests.test_multiple_processes" name="test_all_processes_count_matches" time="0.071" /><testcase classname="backend.apps.leagues_manager.tests.test_orchestrator_execution" name="test_orchestrator_executes_all" time="0.043" /><testcase classname="backend.apps.leagues_manager.tests.test_orchestrator_execution" name="test_standings_executes_only_standings" time="0.062" /><testcase classname="backend.apps.leagues_manager.tests.test_orchestrator_execution" name="test_odds_executes_only_odds" time="0.053" /><testcase classname="backend.apps.leagues_manager.tests.test_orchestrator_execution" name="test_calendar_executes_only_calendar" time="0.043" /><testcase classname="backend.apps.leagues_manager.tests.test_process_fuente_robot_association" name="test_robot_factory_tiene_todos_los_tipos" time="0.001" /><testcase classname="backend.apps.leagues_manager.tests.test_process_fuente_robot_association" name="test_fuente_standings_selecciona_standings_robot" time="0.000" /><testcase classname="backend.apps.leagues_manager.tests.test_process_fuente_robot_association" name="test_fuente_odds_selecciona_odds_robot" time="0.000" /><testcase classname="backend.apps.leagues_manager.tests.test_process_fuente_robot_association" name="test_fuente_calendar_selecciona_calendar_robot" time="0.000" /><testcase classname="backend.apps.leagues_manager.tests.test_process_fuente_robot_association" name="test_proceso_con_multiples_fuentes_selecciona_robots_correctos" time="0.000" /><testcase classname="backend.apps.leagues_manager.tests.test_process_fuente_robot_association" name="test_proceso_sin_fuente_no_selecciona_robot" time="0.001" /><testcase classname="backend.apps.leagues_manager.tests.test_process_fuente_robot_association" name="test_proceso_con_fuente_inactiva_no_selecciona_robot" time="0.000" /><testcase classname="backend.apps.leagues_manager.tests.test_process_fuente_robot_association" name="test_robot_se_registra_automaticamente_al_importar" time="0.000" /><testcase classname="backend.apps.leagues_manager.tests.test_process_fuente_robot_association" name="test_robot_no_se_registra_si_no_se_importa" time="0.000" /><testcase classname="backend.apps.leagues_manager.tests.test_process_fuente_robot_association" name="test_job_runner_usa_registro_automatico" time="0.000" /><testcase classname="backend.apps.leagues_manager.tests.test_process_fuente_robot_association" name="test_job_runner_acepta_factory_personalizado" time="0.000" /><testcase classname="backend.apps.leagues_manager.tests.test_process_run_flow" name="test_standings_robot_escribe_logs_start_y_end" time="1.519" /><testcase classname="backend.apps.leagues_manager.tests.test_process_run_flow" name="test_run_id_propagado_correctamente_en_logs" time="1.507" /><testcase classname="backend.apps.leagues_manager.tests.test_process_run_flow" name="test_detalle_id_diferente_por_robot" time="2.510" /><testcase classname="backend.apps.leagues_manager.tests.test_process_run_integration" name="test_integration_create_run_y_write_logs" time="0.039" /><testcase classname="backend.apps.leagues_manager.tests.test_semaphore_differentiation.TestSemaphoreDifferentiation" name="test_different_concurrency_per_type" time="0.001" /><testcase classname="backend.apps.leagues_manager.tests.test_semaphore_differentiation.TestSemaphoreDifferentiation" name="test_semaphore_independence" time="0.002" /><testcase classname="backend.apps.leagues_manager.tests.test_semaphore_differentiation.TestSemaphoreDifferentiation" name="test_semaphore_limits_respected" time="0.048" /><testcase classname="backend.apps.leagues_manager.tests.test_semaphore_differentiation.TestSemaphoreDifferentiation" name="test_global_semaphore_fallback" time="0.001" /><testcase classname="backend.apps.leagues_manager.tests.test_semaphore_differentiation.TestSemaphoreDifferentiation" name="test_semaphore_logging" time="0.001" /><testcase classname="backend.core.exceptions.tests.test_exceptions" name="test_tipster_byte_exception_to_dict" time="0.001" /><testcase classname="backend.core.exceptions.tests.test_exceptions" name="test_tipster_byte_exception_str" time="0.000" /><testcase classname="backend.core.exceptions.tests.test_exceptions" name="test_tipster_byte_exception_without_suggestion" time="0.000" /><testcase classname="backend.core.exceptions.tests.test_exceptions" name="test_process_not_found_exception" time="0.000" /><testcase classname="backend.core.exceptions.tests.test_exceptions" name="test_process_inactive_exception" time="0.000" /><testcase classname="backend.core.exceptions.tests.test_exceptions" name="test_process_run_creation_exception" time="0.000" /><testcase classname="backend.core.exceptions.tests.test_exceptions" name="test_no_active_jobs_exception" time="0.000" /><testcase classname="backend.core.exceptions.tests.test_exceptions" name="test_fuente_not_found_exception" time="0.000" /><testcase classname="backend.core.exceptions.tests.test_exceptions" name="test_fuente_inactive_exception" time="0.000" /><testcase classname="backend.core.exceptions.tests.test_exceptions" name="test_detalle_inactive_exception" time="0.000" /><testcase classname="backend.core.exceptions.tests.test_exceptions" name="test_robot_not_found_exception" time="0.000" /><testcase classname="backend.core.exceptions.tests.test_exceptions" name="test_scraping_exception" time="0.000" /><testcase classname="backend.core.exceptions.tests.test_exceptions" name="test_scraping_exception_without_original_error" time="0.000" /><testcase classname="backend.core.exceptions.tests.test_exceptions" name="test_scraping_timeout_exception" time="0.000" /><testcase classname="backend.core.exceptions.tests.test_exceptions" name="test_scraping_parsing_exception" time="0.000" /><testcase classname="backend.core.exceptions.tests.test_exceptions" name="test_semaphore_timeout_exception" time="0.000" /><testcase classname="backend.core.exceptions.tests.test_exceptions" name="test_max_retries_exceeded_exception" time="0.000" /><testcase classname="backend.core.exceptions.tests.test_exceptions" name="test_process_exceptions_inherit_from_process_exception" time="0.000" /><testcase classname="backend.core.exceptions.tests.test_exceptions" name="test_fuente_exceptions_inherit_from_fuente_exception" time="0.000" /><testcase classname="backend.core.exceptions.tests.test_exceptions" name="test_robot_exceptions_inherit_from_robot_exception" time="0.000" /><testcase classname="backend.core.exceptions.tests.test_exceptions" name="test_concurrency_exceptions_inherit_from_concurrency_exception" time="0.000" /><testcase classname="backend.core.exceptions.tests.test_exceptions" name="test_all_exceptions_inherit_from_tipster_byte_exception" time="0.000" /><testcase classname="backend.core.exceptions.tests.test_exceptions" name="test_mongodb_connection_exception" time="0.000" /><testcase classname="backend.core.exceptions.tests.test_exceptions" name="test_mongodb_write_exception" time="0.000" /><testcase classname="backend.core.exceptions.tests.test_exceptions" name="test_mongodb_read_exception" time="0.000" /><testcase classname="backend.core.exceptions.tests.test_exceptions" name="test_mongodb_exceptions_inherit_from_mongodb_exception" time="0.000" /><testcase classname="backend.core.exceptions.tests.test_exceptions" name="test_mongodb_exception_inherits_from_database_exception" time="0.000" /><testcase classname="backend.core.exceptions.tests.test_exceptions" name="test_session_log_write_exception" time="0.000" /><testcase classname="backend.core.exceptions.tests.test_exceptions" name="test_session_log_read_exception" time="0.000" /><testcase classname="backend.core.exceptions.tests.test_exceptions" name="test_session_log_exceptions_inherit_from_session_log_exception" time="0.000" /><testcase classname="backend.core.exceptions.tests.test_exceptions" name="test_session_log_exception_inherits_from_tipster_byte_exception" time="0.000" /><testcase classname="backend.core.scheduler.tests.test_jobs_loader.TestGetScheduledJobsFromDB" name="test_get_jobs_with_valid_process_names" time="0.002" /><testcase classname="backend.core.scheduler.tests.test_jobs_loader.TestGetScheduledJobsFromDB" name="test_get_jobs_with_unregistered_process" time="0.001" /><testcase classname="backend.core.scheduler.tests.test_jobs_loader.TestGetScheduledJobsFromDB" name="test_get_jobs_empty_database" time="0.003" /><testcase classname="backend.core.scheduler.tests.test_jobs_loader.TestRegisterJobs" name="test_register_jobs_with_valid_config" time="0.002" /><testcase classname="backend.core.scheduler.tests.test_jobs_loader.TestRegisterJobs" name="test_register_jobs_with_missing_function" time="0.001" /><testcase classname="backend.core.scheduler.tests.test_jobs_loader.TestSchedulerService" name="test_get_status_when_running" time="2.134" /><testcase classname="backend.core.scheduler.tests.test_jobs_loader.TestSchedulerService" name="test_get_status_when_not_running" time="0.001" /><testcase classname="backend.core.scheduler.tests.test_jobs_loader.TestSchedulerService" name="test_pause_all_jobs" time="0.001" /><testcase classname="backend.core.scheduler.tests.test_jobs_loader.TestSchedulerService" name="test_resume_all_jobs" time="0.002" /><testcase classname="backend.core.scheduler.tests.test_jobs_loader.TestSchedulerService" name="test_pause_specific_job" time="0.001" /><testcase classname="backend.core.scheduler.tests.test_jobs_loader.TestSchedulerService" name="test_resume_specific_job" time="0.001" /><testcase classname="backend.core.scheduler.tests.test_jobs_loader.TestSchedulerService" name="test_reload_jobs" time="0.001" /><testcase classname="backend.core.scheduler.tests.test_jobs_loader.TestSchedulerIntegration" name="test_full_scheduler_startup_flow" time="0.003" /><testcase classname="backend.core.scheduler.tests.test_log_cleanup_scheduler.TestLogCleanupScheduler" name="test_log_cleanup_job_exists_in_process_map" time="0.000" /><testcase classname="backend.core.scheduler.tests.test_log_cleanup_scheduler.TestLogCleanupScheduler" name="test_log_cleanup_job_is_callable" time="0.000" /><testcase classname="backend.core.scheduler.tests.test_log_cleanup_scheduler.TestLogCleanupScheduler" name="test_log_cleanup_job_executes_successfully" time="0.006" /><testcase classname="backend.core.scheduler.tests.test_log_cleanup_scheduler.TestLogCleanupScheduler" name="test_log_cleanup_job_handles_errors_gracefully" time="0.038" /><testcase classname="backend.core.scheduler.tests.test_log_cleanup_scheduler.TestLogCleanupScheduler" name="test_cron_expression_is_correct" time="0.001" /><testcase classname="backend.core.scheduler.tests.test_log_cleanup_scheduler_integration.TestLogCleanupSchedulerIntegration" name="test_scheduler_executes_log_cleanup_job" time="0.011" /><testcase classname="backend.core.scheduler.tests.test_log_cleanup_scheduler_integration.TestLogCleanupSchedulerIntegration" name="test_scheduler_job_handles_cleanup_errors" time="0.005" /><testcase classname="backend.core.scheduler.tests.test_log_cleanup_scheduler_integration.TestLogCleanupSchedulerIntegration" name="test_scheduler_job_cron_expression" time="0.020" /><testcase classname="backend.core.tests.test_audit_middleware.TestAuditMiddleware" name="test_middleware_exists" time="0.000" /><testcase classname="backend.core.tests.test_audit_middleware.TestAuditMiddleware" name="test_middleware_has_dispatch_method" time="0.001" /><testcase classname="backend.core.tests.test_audit_middleware.TestAuditMiddleware" name="test_middleware_inherits_base_http_middleware" time="0.000" /><testcase classname="backend.core.tests.test_audit_middleware.TestAuditMiddleware" name="test_middleware_receives_session_log_service" time="0.001" /><testcase classname="backend.core.tests.test_audit_middleware.TestAuditMiddleware" name="test_middleware_has_extract_user_id_method" time="0.001" /><testcase classname="backend.core.tests.test_audit_middleware.TestAuditMiddleware" name="test_dispatch_calls_session_log_service" time="0.004" /><testcase classname="backend.core.tests.test_audit_middleware.TestAuditMiddleware" name="test_dispatch_does_not_call_service_without_user" time="0.004" /><testcase classname="backend.core.tests.test_logger.TestInterceptHandler" name="test_emit_with_valid_level_real" time="0.004" /><testcase classname="backend.core.tests.test_logger.TestInterceptHandler" name="test_emit_with_custom_level" time="0.001" /><testcase classname="backend.core.tests.test_logger.TestInterceptHandler" name="test_emit_with_exception_info" time="0.002" /><testcase classname="backend.core.tests.test_logger.TestInterceptHandler" name="test_emit_from_logging_module" time="0.001" /><testcase classname="backend.core.tests.test_logger.TestSafeAddSink" name="test_safe_add_sink_success" time="0.002" /><testcase classname="backend.core.tests.test_logger.TestSafeAddSink" name="test_safe_add_sink_with_invalid_rotation" time="0.003" /><testcase classname="backend.core.tests.test_logger.TestSafeAddSink" name="test_safe_add_sink_with_invalid_path" time="0.002" /><testcase classname="backend.core.tests.test_logger.TestConfigureLogging" name="test_configure_logging_real_execution" time="0.015" /><testcase classname="backend.core.tests.test_logger.TestConfigureLogging" name="test_configure_logging_with_filters" time="0.010" /><testcase classname="backend.core.tests.test_logger.TestConfigureLogging" name="test_configure_logging_with_robots" time="0.010" /><testcase classname="backend.core.tests.test_robot_logging.TestLogSymbols" name="test_log_symbols_has_required_attributes" time="0.000" /><testcase classname="backend.core.tests.test_robot_logging.TestGetRobotEmoji" name="test_get_robot_emoji_standings" time="0.000" /><testcase classname="backend.core.tests.test_robot_logging.TestGetRobotEmoji" name="test_get_robot_emoji_odds" time="0.000" /><testcase classname="backend.core.tests.test_robot_logging.TestGetRobotEmoji" name="test_get_robot_emoji_calendar" time="0.000" /><testcase classname="backend.core.tests.test_robot_logging.TestGetRobotEmoji" name="test_get_robot_emoji_unknown" time="0.000" /><testcase classname="backend.core.tests.test_robot_logging.TestGetRobotEmoji" name="test_get_robot_emoji_case_insensitive" time="0.000" /><testcase classname="backend.core.tests.test_robot_logging.TestFormatRunContext" name="test_format_run_context_basic" time="0.000" /><testcase classname="backend.core.tests.test_robot_logging.TestFormatRunContext" name="test_format_run_context_short_run_id" time="0.000" /><testcase classname="backend.core.tests.test_robot_logging.TestLogRobotStart" name="test_log_robot_start_calls_logger" time="0.001" /><testcase classname="backend.core.tests.test_robot_logging.TestLogRobotEnd" name="test_log_robot_end_success" time="0.001" /><testcase classname="backend.core.tests.test_robot_logging.TestLogRobotEnd" name="test_log_robot_end_error" time="0.001" /><testcase classname="backend.core.tests.test_robot_logging.TestLogStep" name="test_log_step_info" time="0.001" /><testcase classname="backend.core.tests.test_robot_logging.TestLogStep" name="test_log_step_warning" time="0.001" /><testcase classname="backend.core.tests.test_robot_logging.TestLogStep" name="test_log_step_error" time="0.001" /><testcase classname="backend.core.tests.test_robot_logging.TestLogSemaphoreStatus" name="test_log_semaphore_status_configured" time="0.001" /><testcase classname="backend.core.tests.test_robot_logging.TestLogSemaphoreStatus" name="test_log_semaphore_status_waiting" time="0.001" /><testcase classname="backend.services.tests.test_log_cleanup_integration.TestLogCleanupIntegration" name="test_simulate_years_of_logs" time="0.193" /><testcase classname="backend.services.tests.test_log_cleanup_service.TestCleanupResult" name="test_default_values" time="0.000" /><testcase classname="backend.services.tests.test_log_cleanup_service.TestCleanupResult" name="test_to_dict" time="0.000" /><testcase classname="backend.services.tests.test_log_cleanup_service.TestCleanupResult" name="test_str_success" time="0.000" /><testcase classname="backend.services.tests.test_log_cleanup_service.TestCleanupResult" name="test_str_error" time="0.000" /><testcase classname="backend.services.tests.test_log_cleanup_service.TestLogCleanupService" name="test_initialization" time="0.002" /><testcase classname="backend.services.tests.test_log_cleanup_service.TestLogCleanupService" name="test_get_disk_usage_empty" time="0.002" /><testcase classname="backend.services.tests.test_log_cleanup_service.TestLogCleanupService" name="test_get_disk_usage_with_files" time="0.007" /><testcase classname="backend.services.tests.test_log_cleanup_service.TestLogCleanupService" name="test_get_files_older_than_empty" time="0.002" /><testcase classname="backend.services.tests.test_log_cleanup_service.TestLogCleanupService" name="test_get_files_older_than_with_files" time="0.005" /><testcase classname="backend.services.tests.test_log_cleanup_service.TestLogCleanupService" name="test_get_files_older_than_nonexistent_dir" time="0.003" /><testcase classname="backend.services.tests.test_log_cleanup_service.TestLogCleanupService" name="test_archive_old_logs_empty" time="0.002" /><testcase classname="backend.services.tests.test_log_cleanup_service.TestLogCleanupService" name="test_archive_old_logs_with_files" time="0.005" /><testcase classname="backend.services.tests.test_log_cleanup_service.TestLogCleanupService" name="test_archive_old_logs_skips_recent" time="0.005" /><testcase classname="backend.services.tests.test_log_cleanup_service.TestLogCleanupService" name="test_delete_archived_logs_empty" time="0.003" /><testcase classname="backend.services.tests.test_log_cleanup_service.TestLogCleanupService" name="test_delete_archived_logs_with_files" time="0.002" /><testcase classname="backend.services.tests.test_log_cleanup_service.TestLogCleanupService" name="test_delete_archived_logs_skips_recent" time="0.003" /><testcase classname="backend.services.tests.test_log_cleanup_service.TestLogCleanupService" name="test_run_cleanup_full_workflow" time="0.005" /><testcase classname="backend.services.tests.test_log_cleanup_service.TestLogCleanupService" name="test_handles_file_disappearing" time="0.003" /><testcase classname="backend.services.tests.test_log_growth_analyzer.TestLogGrowthAnalyzer" name="test_analyze_real_logs" time="5.002" /><testcase classname="backend.services.tests.test_log_growth_analyzer.TestLogGrowthAnalyzer" name="test_analyze_with_custom_directory" time="2.007" /><testcase classname="backend.test_progreso_simple.TestLigasSeederProgreso" name="test_procesa_solo_20_paises_por_ejecucion" time="0.033" /><testcase classname="backend.test_progreso_simple.TestLigasSeederProgreso" name="test_reanuda_desde_ultimo_pais_procesado" time="0.038" /><testcase classname="backend.test_progreso_simple.TestLigasSeederProgreso" name="test_no_se_bloquea_con_80_paises" time="0.030" /><testcase classname="backend.test_progreso_simple.TestLigasSeederProgreso" name="test_multiples_ejecuciones_completan_todos_los_paises" time="0.059" /></testsuite></testsuites>